#-----------------------------------------------------------
# Vivado v2019.1 (64-bit)
# SW Build 2552052 on Fri May 24 14:49:42 MDT 2019
# IP Build 2548770 on Fri May 24 18:01:18 MDT 2019
# Start of session at: Mon Mar  9 15:47:37 2020
# Process ID: 5644
# Current directory: C:/Users/manci/Desktop/Documentos Lucas/Academico/Materias Actuales y seminarios/Digital I/TP FINAL LUCAS/Voltimetro_Digital_Lucas_v1/Voltimetro_Digital_Lucas_v1.runs/impl_1
# Command line: vivado.exe -log Voltmeter_top.vdi -applog -product Vivado -messageDb vivado.pb -mode batch -source Voltmeter_top.tcl -notrace
# Log file: C:/Users/manci/Desktop/Documentos Lucas/Academico/Materias Actuales y seminarios/Digital I/TP FINAL LUCAS/Voltimetro_Digital_Lucas_v1/Voltimetro_Digital_Lucas_v1.runs/impl_1/Voltmeter_top.vdi
# Journal file: C:/Users/manci/Desktop/Documentos Lucas/Academico/Materias Actuales y seminarios/Digital I/TP FINAL LUCAS/Voltimetro_Digital_Lucas_v1/Voltimetro_Digital_Lucas_v1.runs/impl_1\vivado.jou
#-----------------------------------------------------------
source Voltmeter_top.tcl -notrace
